---end scope---
bar INT -1
line 11: identifier foo is already defined
